2026-04-30 13:02:55,397 -db_helper - INFO - fetch_expense_for_date called with 2024-08-01
2026-04-30 13:02:55,489 -db_helper - INFO - fetch_expense_summary called with start date:2024-08-01, end date:2024-08-05
2026-04-30 13:04:35,683 -db_helper - INFO - fetch_expense_for_date called with 2024-09-30
2026-04-30 13:04:35,702 -db_helper - INFO - fetch_expense_summary called with start date:2024-08-01, end date:2024-08-05
2026-05-01 12:07:18,218 -db_helper - INFO - delete_expense_for_date called with 2024-08-28
2026-05-01 12:07:18,338 -db_helper - INFO - insert_expense_for_date called with date: 2024-08-28, amount: 1211.0, category: Shopping, notes: Bought a mercedez car
2026-05-01 12:08:33,374 -db_helper - INFO - delete_expense_for_date called with 2024-08-28
2026-05-01 12:08:33,398 -db_helper - INFO - insert_expense_for_date called with date: 2024-08-28, amount: 12.0, category: Shopping, notes: Bought a Chips
2026-05-01 19:13:47,208 -db_helper - INFO - fetch_expense_for_date called with 2024-08-01
2026-05-01 19:30:20,590 -db_helper - INFO - fetch_expense_for_date called with 2024-08-01
2026-05-01 19:31:05,063 -db_helper - INFO - fetch_expense_for_date called with 2024-08-01
2026-05-02 11:49:10,237 -db_helper - INFO - fetch_expense_for_date called with 2024-08-01
2026-05-02 11:51:04,928 -db_helper - INFO - fetch_expense_for_date called with 2024-08-01
2026-05-02 11:52:15,829 -db_helper - INFO - fetch_expense_for_date called with 2024-08-01
2026-05-02 11:54:18,125 -db_helper - INFO - fetch_expense_for_date called with 2024-08-01
2026-05-02 11:57:26,853 -db_helper - INFO - fetch_expense_for_date called with 2024-08-01
2026-05-02 11:58:18,616 -db_helper - INFO - fetch_expense_for_date called with 2024-08-01
2026-05-02 12:11:34,102 -db_helper - INFO - fetch_expense_for_date called with 2024-08-01
2026-05-02 12:12:42,942 -db_helper - INFO - fetch_expense_for_date called with 2024-08-05
2026-05-02 12:13:05,192 -db_helper - INFO - fetch_expense_for_date called with 2024-08-01
2026-05-02 12:20:28,870 -db_helper - INFO - fetch_expense_for_date called with 2024-08-01
2026-05-02 12:20:46,684 -db_helper - INFO - fetch_expense_for_date called with 2024-08-01
2026-05-02 12:21:49,523 -db_helper - INFO - fetch_expense_for_date called with 2024-08-05
2026-05-02 12:21:52,809 -db_helper - INFO - fetch_expense_for_date called with 2024-08-05
2026-05-02 12:21:54,290 -db_helper - INFO - fetch_expense_for_date called with 2024-08-05
2026-05-02 12:21:59,791 -db_helper - INFO - fetch_expense_for_date called with 2024-08-06
2026-05-02 12:22:02,872 -db_helper - INFO - fetch_expense_for_date called with 2024-08-01
2026-05-02 12:25:18,804 -db_helper - INFO - fetch_expense_for_date called with 2024-08-01
2026-05-02 12:26:08,609 -db_helper - INFO - fetch_expense_for_date called with 2024-08-02
2026-05-02 12:26:13,043 -db_helper - INFO - fetch_expense_for_date called with 2024-08-02
2026-05-02 12:26:43,739 -db_helper - INFO - fetch_expense_for_date called with 2024-08-02
2026-05-02 12:26:46,968 -db_helper - INFO - fetch_expense_for_date called with 2024-08-01
2026-05-02 12:26:58,310 -db_helper - INFO - fetch_expense_for_date called with 2024-08-02
2026-05-02 12:27:05,391 -db_helper - INFO - fetch_expense_for_date called with 2024-08-02
2026-05-02 12:27:06,509 -db_helper - INFO - fetch_expense_for_date called with 2024-08-02
2026-05-02 12:29:49,286 -db_helper - INFO - fetch_expense_for_date called with 2024-08-02
2026-05-02 12:29:55,082 -db_helper - INFO - fetch_expense_for_date called with 2024-08-02
2026-05-02 12:30:14,494 -db_helper - INFO - fetch_expense_for_date called with 2024-08-01
2026-05-02 12:30:16,824 -db_helper - INFO - fetch_expense_for_date called with 2024-08-02
2026-05-02 12:33:07,770 -db_helper - INFO - fetch_expense_for_date called with 2024-08-02
2026-05-02 12:33:12,842 -db_helper - INFO - fetch_expense_for_date called with 2024-08-01
2026-05-02 12:33:19,340 -db_helper - INFO - fetch_expense_for_date called with 2024-08-01
2026-05-02 12:33:22,471 -db_helper - INFO - fetch_expense_for_date called with 2024-08-04
2026-05-02 12:33:32,758 -db_helper - INFO - fetch_expense_for_date called with 2024-08-17
2026-05-02 12:33:35,225 -db_helper - INFO - fetch_expense_for_date called with 2024-08-17
2026-05-02 12:33:35,709 -db_helper - INFO - fetch_expense_for_date called with 2024-08-17
2026-05-02 12:33:35,890 -db_helper - INFO - fetch_expense_for_date called with 2024-08-17
2026-05-02 12:33:36,074 -db_helper - INFO - fetch_expense_for_date called with 2024-08-17
2026-05-02 12:33:36,258 -db_helper - INFO - fetch_expense_for_date called with 2024-08-17
2026-05-02 12:33:36,424 -db_helper - INFO - fetch_expense_for_date called with 2024-08-17
2026-05-02 12:33:36,608 -db_helper - INFO - fetch_expense_for_date called with 2024-08-17
2026-05-02 12:33:36,792 -db_helper - INFO - fetch_expense_for_date called with 2024-08-17
2026-05-02 12:33:36,977 -db_helper - INFO - fetch_expense_for_date called with 2024-08-17
2026-05-02 12:33:41,528 -db_helper - INFO - fetch_expense_for_date called with 2024-08-02
2026-05-02 12:44:03,504 -db_helper - INFO - fetch_expense_for_date called with 2024-08-02
2026-05-02 12:44:09,708 -db_helper - INFO - fetch_expense_for_date called with 2024-08-01
2026-05-02 12:44:14,206 -db_helper - INFO - fetch_expense_for_date called with 2024-08-10
2026-05-02 12:44:17,070 -db_helper - INFO - fetch_expense_for_date called with 2024-08-03
2026-05-02 12:44:20,824 -db_helper - INFO - fetch_expense_for_date called with 2024-08-04
2026-05-02 12:44:25,425 -db_helper - INFO - fetch_expense_for_date called with 2024-08-13
2026-05-02 12:44:28,841 -db_helper - INFO - fetch_expense_for_date called with 2024-08-07
2026-05-02 12:57:25,244 -db_helper - INFO - fetch_expense_for_date called with 2024-08-07
2026-05-02 12:57:46,491 -db_helper - INFO - fetch_expense_for_date called with 2024-08-07
2026-05-02 12:59:33,000 -db_helper - INFO - fetch_expense_for_date called with 2024-08-07
2026-05-02 12:59:33,024 -db_helper - INFO - delete_expense_for_date called with 2024-08-07
2026-05-02 12:59:33,032 -db_helper - INFO - insert_expense_for_date called with date: 2024-08-07, amount: 20.34, category: Shopping, notes: Bought Chips
2026-05-02 12:59:33,050 -db_helper - INFO - insert_expense_for_date called with date: 2024-08-07, amount: 5.0, category: Entertainment, notes: Buy TV
2026-05-02 12:59:56,911 -db_helper - INFO - fetch_expense_for_date called with 2024-08-08
2026-05-02 12:59:59,539 -db_helper - INFO - fetch_expense_for_date called with 2024-08-07
2026-05-02 13:01:16,641 -db_helper - INFO - fetch_expense_for_date called with 2024-08-07
2026-05-02 13:01:16,664 -db_helper - INFO - delete_expense_for_date called with 2024-08-07
2026-05-02 13:01:16,673 -db_helper - INFO - insert_expense_for_date called with date: 2024-08-07, amount: 20.34, category: Shopping, notes: Bought Chips
2026-05-02 13:01:16,681 -db_helper - INFO - insert_expense_for_date called with date: 2024-08-07, amount: 5.0, category: Entertainment, notes: Buy TV
2026-05-02 13:01:16,689 -db_helper - INFO - insert_expense_for_date called with date: 2024-08-07, amount: 67.0, category: Food, notes: Eat Momo
2026-05-02 13:01:20,690 -db_helper - INFO - fetch_expense_for_date called with 2024-08-08
2026-05-02 13:01:23,122 -db_helper - INFO - fetch_expense_for_date called with 2024-08-07
2026-05-02 13:01:50,922 -db_helper - INFO - fetch_expense_for_date called with 2024-08-01
2026-05-02 15:34:03,580 -db_helper - INFO - fetch_expense_for_date called with 2024-08-04
2026-05-02 15:34:08,735 -db_helper - INFO - fetch_expense_for_date called with 2024-08-01
2026-05-02 18:49:08,831 -db_helper - INFO - fetch_expense_for_date called with 2024-08-01
2026-05-02 18:49:08,927 -db_helper - INFO - delete_expense_for_date called with 2024-08-01
2026-05-02 18:49:08,943 -db_helper - INFO - insert_expense_for_date called with date: 2024-08-01, amount: 1227.0, category: Rent, notes: Monthly rent payment
2026-05-02 18:49:08,949 -db_helper - INFO - insert_expense_for_date called with date: 2024-08-01, amount: 300.0, category: Food, notes: Groceries for the week
2026-05-02 18:49:08,955 -db_helper - INFO - insert_expense_for_date called with date: 2024-08-01, amount: 1200.0, category: Rent, notes: Monthly rent payment
2026-05-02 18:49:08,960 -db_helper - INFO - insert_expense_for_date called with date: 2024-08-01, amount: 300.0, category: Food, notes: Groceries for the week
2026-05-06 11:49:13,535 -db_helper - INFO - fetch_expense_for_date called with 2024-08-02
2026-05-09 21:18:42,462 -db_helper - INFO - fetch_expense_summary called with start date:2024-08-01, end date:2024-08-05
2026-05-10 12:07:45,552 -db_helper - INFO - fetch_expense_summary called with start date:2024-08-01, end date:2024-08-05
2026-05-10 12:10:05,113 -db_helper - INFO - fetch_expense_summary called with start date:2024-08-01, end date:2024-08-05
2026-05-10 12:10:07,188 -db_helper - INFO - fetch_expense_summary called with start date:2024-08-01, end date:2024-08-05
2026-05-10 12:12:27,860 -db_helper - INFO - fetch_expense_summary called with start date:2024-08-01, end date:2024-08-05
2026-05-10 12:41:34,781 -db_helper - INFO - fetch_expense_for_date called with 2024-08-01
2026-05-10 12:45:00,537 -db_helper - INFO - fetch_expense_for_date called with 2024-08-01
2026-05-10 12:50:11,036 -db_helper - INFO - fetch_expense_for_date called with 2024-08-01
2026-05-10 12:50:13,203 -db_helper - INFO - fetch_expense_for_date called with 2024-08-01
2026-05-10 12:50:13,247 -db_helper - INFO - fetch_expense_summary called with start date:2024-08-01, end date:2024-08-05
2026-05-10 12:50:45,853 -db_helper - INFO - fetch_expense_for_date called with 2024-08-01
2026-05-10 12:50:47,450 -db_helper - INFO - fetch_expense_for_date called with 2024-08-01
2026-05-10 12:50:47,493 -db_helper - INFO - fetch_expense_summary called with start date:2024-08-01, end date:2024-08-05
2026-05-10 12:56:46,521 -db_helper - INFO - fetch_expense_for_date called with 2024-08-01
2026-05-10 12:56:50,084 -db_helper - INFO - fetch_expense_for_date called with 2024-08-01
2026-05-10 12:56:50,127 -db_helper - INFO - fetch_expense_summary called with start date:2024-08-01, end date:2024-08-05
2026-05-10 12:57:00,824 -db_helper - INFO - fetch_expense_for_date called with 2024-08-02
2026-05-10 13:07:33,262 -db_helper - INFO - fetch_expense_for_date called with 2024-08-02
2026-05-10 13:07:36,712 -db_helper - INFO - fetch_expense_for_date called with 2024-08-02
2026-05-10 13:07:36,748 -db_helper - INFO - fetch_expense_summary called with start date:2024-08-01, end date:2024-08-05
2026-05-10 13:11:22,545 -db_helper - INFO - fetch_expense_for_date called with 2024-08-02
2026-05-10 13:11:24,059 -db_helper - INFO - fetch_expense_for_date called with 2024-08-02
2026-05-10 13:11:24,100 -db_helper - INFO - fetch_expense_summary called with start date:2024-08-01, end date:2024-08-05
2026-05-10 13:11:31,954 -db_helper - INFO - fetch_expense_for_date called with 2024-08-02
2026-05-10 13:11:33,060 -db_helper - INFO - fetch_expense_for_date called with 2024-08-02
2026-05-10 13:11:33,098 -db_helper - INFO - fetch_expense_summary called with start date:2024-08-02, end date:2024-08-05
2026-05-10 13:18:10,953 -db_helper - INFO - fetch_expense_for_date called with 2024-08-02
2026-05-10 13:18:15,007 -db_helper - INFO - fetch_expense_for_date called with 2024-08-02
2026-05-10 13:18:15,050 -db_helper - INFO - fetch_expense_summary called with start date:2024-08-01, end date:2024-08-05
2026-05-10 13:19:23,138 -db_helper - INFO - fetch_expense_for_date called with 2024-08-02
2026-05-10 13:19:24,670 -db_helper - INFO - fetch_expense_for_date called with 2024-08-02
2026-05-10 13:19:24,710 -db_helper - INFO - fetch_expense_summary called with start date:2024-08-01, end date:2024-08-05
2026-05-10 13:21:02,111 -db_helper - INFO - fetch_expense_for_date called with 2024-08-02
2026-05-10 13:21:03,637 -db_helper - INFO - fetch_expense_for_date called with 2024-08-02
2026-05-10 13:21:03,675 -db_helper - INFO - fetch_expense_summary called with start date:2024-08-01, end date:2024-08-05
2026-05-10 13:21:59,481 -db_helper - INFO - fetch_expense_for_date called with 2024-08-02
2026-05-10 13:22:00,818 -db_helper - INFO - fetch_expense_for_date called with 2024-08-02
2026-05-10 13:22:00,858 -db_helper - INFO - fetch_expense_summary called with start date:2024-08-01, end date:2024-08-05
2026-05-10 13:29:58,367 -db_helper - INFO - fetch_expense_for_date called with 2024-08-02
2026-05-10 13:30:01,552 -db_helper - INFO - fetch_expense_for_date called with 2024-08-02
2026-05-10 13:30:01,593 -db_helper - INFO - fetch_expense_summary called with start date:2024-08-01, end date:2024-08-05
2026-05-10 18:23:19,823 -db_helper - INFO - fetch_expense_for_date called with 2024-08-02
2026-05-10 18:23:23,961 -db_helper - INFO - fetch_expense_for_date called with 2024-08-02
2026-05-10 18:23:23,990 -db_helper - INFO - fetch_expense_summary called with start date:2024-08-01, end date:2024-08-05
2026-05-10 18:57:45,397 -db_helper - INFO - fetch_expense_for_date called with 2024-09-30
2026-05-10 18:57:45,439 -db_helper - INFO - fetch_expense_summary called with start date:2024-08-01, end date:2024-08-05
2026-05-10 18:57:45,448 -db_helper - INFO - fetch expense by month
2026-05-10 19:00:34,259 -db_helper - INFO - fetch_expense_for_date called with 2024-09-30
2026-05-10 19:00:34,277 -db_helper - INFO - fetch_expense_summary called with start date:2024-08-01, end date:2024-08-05
2026-05-10 19:00:34,287 -db_helper - INFO - fetch expense by month
2026-05-10 19:02:31,019 -db_helper - INFO - fetch_expense_for_date called with 2024-09-30
2026-05-10 19:02:31,036 -db_helper - INFO - fetch_expense_summary called with start date:2024-08-01, end date:2024-08-05
2026-05-10 19:02:31,045 -db_helper - INFO - fetch expense by month
2026-05-10 19:05:44,318 -db_helper - INFO - fetch expense by month
2026-05-10 19:40:55,189 -db_helper - INFO - fetch_expense_for_date called with 2024-08-02
2026-05-10 19:40:55,230 -db_helper - INFO - fetch expense by month
2026-05-10 19:49:38,432 -db_helper - INFO - fetch_expense_for_date called with 2024-08-02
2026-05-10 19:49:38,462 -db_helper - INFO - fetch expense by month
2026-05-10 20:40:21,384 -db_helper - INFO - fetch_expense_for_date called with 2024-08-02
2026-05-10 20:40:21,408 -db_helper - INFO - fetch expense by month
2026-05-10 20:47:18,863 -db_helper - INFO - fetch_expense_for_date called with 2024-08-02
2026-05-10 20:47:18,903 -db_helper - INFO - fetch expense by month
2026-05-10 20:49:22,134 -db_helper - INFO - fetch_expense_for_date called with 2024-08-02
2026-05-10 20:49:22,165 -db_helper - INFO - fetch expense by month
2026-05-10 20:50:51,823 -db_helper - INFO - fetch_expense_for_date called with 2024-08-02
2026-05-10 20:50:51,847 -db_helper - INFO - fetch expense by month
2026-05-10 20:51:58,159 -db_helper - INFO - fetch_expense_for_date called with 2024-08-02
2026-05-10 20:51:58,183 -db_helper - INFO - fetch expense by month
2026-05-10 20:53:32,498 -db_helper - INFO - fetch_expense_for_date called with 2024-08-02
2026-05-10 20:53:32,522 -db_helper - INFO - fetch expense by month
2026-05-15 10:22:30,344 -db_helper - INFO - fetch_expense_for_date called with 2024-08-02
2026-05-15 10:22:30,508 -db_helper - INFO - fetch expense by month
2026-05-15 11:10:10,450 -db_helper - INFO - fetch_expense_for_date called with 2024-07-26
2026-05-15 11:10:10,609 -db_helper - INFO - fetch expense by month
2026-05-15 11:10:50,732 -db_helper - INFO - fetch_expense_for_date called with 2024-07-26
2026-05-15 11:10:50,785 -db_helper - INFO - delete_expense_for_date called with 2024-07-26
2026-05-15 11:10:50,802 -db_helper - INFO - insert_expense_for_date called with date: 2024-07-26, amount: 7.0, category: Shopping, notes: 
2026-05-15 11:10:50,821 -db_helper - INFO - insert_expense_for_date called with date: 2024-07-26, amount: 25.0, category: Rent, notes: 
2026-05-15 11:10:50,827 -db_helper - INFO - insert_expense_for_date called with date: 2024-07-26, amount: 32.0, category: Food, notes: 
2026-05-15 11:10:50,832 -db_helper - INFO - insert_expense_for_date called with date: 2024-07-26, amount: 5.0, category: Entertainment, notes: 
2026-05-15 11:10:50,842 -db_helper - INFO - fetch expense by month
2026-05-27 12:54:55,428 -db_helper - INFO - fetch_expense_for_date called with 2024-08-02
2026-05-27 12:54:55,667 -db_helper - INFO - fetch expense by month
2026-05-30 12:19:26,172 -db_helper - INFO - fetch_expense_for_date called with 2024-08-02
2026-05-30 12:19:26,294 -db_helper - INFO - fetch expense by month
2026-05-30 12:19:59,482 -db_helper - INFO - fetch_expense_for_date called with 2024-08-02
2026-05-30 12:19:59,546 -db_helper - INFO - fetch_expense_summary called with start date:2024-08-01, end date:2024-08-05
2026-05-30 12:19:59,585 -db_helper - INFO - fetch expense by month
